------------------------------------------------------------
Timing Analyzer Summary
------------------------------------------------------------

Type  : Slow 1100mV 85C Model Setup 'clk'
Slack : 2.613
TNS   : 0.000

Type  : Slow 1100mV 85C Model Hold 'clk'
Slack : 0.302
TNS   : 0.000

Type  : Slow 1100mV 85C Model Minimum Pulse Width 'clk'
Slack : 8.875
TNS   : 0.000

Type  : Slow 1100mV 0C Model Setup 'clk'
Slack : 2.428
TNS   : 0.000

Type  : Slow 1100mV 0C Model Hold 'clk'
Slack : 0.275
TNS   : 0.000

Type  : Slow 1100mV 0C Model Minimum Pulse Width 'clk'
Slack : 8.906
TNS   : 0.000

Type  : Fast 1100mV 85C Model Setup 'clk'
Slack : 9.832
TNS   : 0.000

Type  : Fast 1100mV 85C Model Hold 'clk'
Slack : 0.178
TNS   : 0.000

Type  : Fast 1100mV 85C Model Minimum Pulse Width 'clk'
Slack : 8.479
TNS   : 0.000

Type  : Fast 1100mV 0C Model Setup 'clk'
Slack : 10.529
TNS   : 0.000

Type  : Fast 1100mV 0C Model Hold 'clk'
Slack : 0.153
TNS   : 0.000

Type  : Fast 1100mV 0C Model Minimum Pulse Width 'clk'
Slack : 8.432
TNS   : 0.000

------------------------------------------------------------
